APRProof: AssertTest.setUp:c795c796f72d2e6aaa4d26a190f8855a2d9432cb510e944378ac2cf4cafae346
    status: ProofStatus.PASSED
    admitted: False
    nodes: 5
    pending: 0
    failing: 0
    stuck: 0
    terminal: 0
    refuted: 0
Subproofs: 0

APRProof: AssertTest.testFail_assert_false:b5202d1b3fe2344c79708f9a3a2c67d446fb9d70c920a623ad408a2e224215b1
    status: ProofStatus.PASSED
    admitted: False
    nodes: 5
    pending: 0
    failing: 0
    stuck: 0
    terminal: 0
    refuted: 0
Subproofs: 0

APRProof: AssertTest.testFail_assert_true:242f699b1574032456e9e771ae766945b79d19d3ef23d383a5a46634800e924d
    status: ProofStatus.FAILED
    admitted: False
    nodes: 5
    pending: 0
    failing: 1
    stuck: 0
    terminal: 1
    refuted: 0
Subproofs: 0

APRProof: AssertTest.test_assert_false:6cbc877ca7d55dff8601da29b45e21f589afa4bb6200a47e7de1e24a74ee755c
    status: ProofStatus.FAILED
    admitted: False
    nodes: 5
    pending: 0
    failing: 1
    stuck: 0
    terminal: 1
    refuted: 0
Subproofs: 0

APRProof: AssertTest.test_assert_true:49ed4957b0e11abe41ead027d5e5e0895d082b39dfa5694297dd0e87741d6a49
    status: ProofStatus.PASSED
    admitted: False
    nodes: 5
    pending: 0
    failing: 0
    stuck: 0
    terminal: 0
    refuted: 0
Subproofs: 0
