LblinitGeneratedTopCell{}(Lbl'Unds'Map'Unds'{}(Lbl'Unds'Map'Unds'{}(Lbl'Unds'Map'Unds'{}(Lbl'Unds'Map'Unds'{}(Lbl'Stop'Map{}(),Lbl'UndsPipe'-'-GT-Unds'{}(inj{SortKConfigVar{}, SortKItem{}}(\dv{SortKConfigVar{}}("$PGM")),inj{SortJSON{}, SortKItem{}}(LblJSONObject{}(LblJSONs{}(LblJSONEntry{}(inj{SortString{}, SortJSONKey{}}(\dv{SortString{}}("log3")),LblJSONObject{}(LblJSONs{}(LblJSONEntry{}(inj{SortString{}, SortJSONKey{}}(\dv{SortString{}}("_info")),LblJSONObject{}(LblJSONs{}(LblJSONEntry{}(inj{SortString{}, SortJSONKey{}}(\dv{SortString{}}("comment")),inj{SortString{}, SortJSON{}}(\dv{SortString{}}("Ori Pomerantz qbzzt1@gmail.com"))),LblJSONs{}(LblJSONEntry{}(inj{SortString{}, SortJSONKey{}}(\dv{SortString{}}("filling-rpc-server")),inj{SortString{}, SortJSON{}}(\dv{SortString{}}("evm version 1.10.21-unstable-692bfd1b-20220630"))),LblJSONs{}(LblJSONEntry{}(inj{SortString{}, SortJSONKey{}}(\dv{SortString{}}("filling-tool-version")),inj{SortString{}, SortJSON{}}(\dv{SortString{}}("retesteth-0.2.2-testinfo+commit.1e11e5ce.Linux.g++"))),LblJSONs{}(LblJSONEntry{}(inj{SortString{}, SortJSONKey{}}(\dv{SortString{}}("generatedTestHash")),inj{SortString{}, SortJSON{}}(\dv{SortString{}}("5dc2ed9151e61d6237418e9dba88399df8a80ef9fa1c411d46e46734d85aa2c8"))),LblJSONs{}(LblJSONEntry{}(inj{SortString{}, SortJSONKey{}}(\dv{SortString{}}("labels")),LblJSONObject{}(LblJSONs{}(LblJSONEntry{}(inj{SortString{}, SortJSONKey{}}(\dv{SortString{}}("0")),inj{SortString{}, SortJSON{}}(\dv{SortString{}}("emptyMem"))),LblJSONs{}(LblJSONEntry{}(inj{SortString{}, SortJSONKey{}}(\dv{SortString{}}("1")),inj{SortString{}, SortJSON{}}(\dv{SortString{}}("memStartTooHigh"))),LblJSONs{}(LblJSONEntry{}(inj{SortString{}, SortJSONKey{}}(\dv{SortString{}}("2")),inj{SortString{}, SortJSON{}}(\dv{SortString{}}("memSizeTooHigh"))),LblJSONs{}(LblJSONEntry{}(inj{SortString{}, SortJSONKey{}}(\dv{SortString{}}("3")),inj{SortString{}, SortJSON{}}(\dv{SortString{}}("memSizeZero"))),LblJSONs{}(LblJSONEntry{}(inj{SortString{}, SortJSONKey{}}(\dv{SortString{}}("4")),inj{SortString{}, SortJSON{}}(\dv{SortString{}}("nonEmptyMem"))),LblJSONs{}(LblJSONEntry{}(inj{SortString{}, SortJSONKey{}}(\dv{SortString{}}("5")),inj{SortString{}, SortJSON{}}(\dv{SortString{}}("log_0_1"))),LblJSONs{}(LblJSONEntry{}(inj{SortString{}, SortJSONKey{}}(\dv{SortString{}}("6")),inj{SortString{}, SortJSON{}}(\dv{SortString{}}("log_31_1"))),LblJSONs{}(LblJSONEntry{}(inj{SortString{}, SortJSONKey{}}(\dv{SortString{}}("7")),inj{SortString{}, SortJSON{}}(\dv{SortString{}}("caller"))),LblJSONs{}(LblJSONEntry{}(inj{SortString{}, SortJSONKey{}}(\dv{SortString{}}("8")),inj{SortString{}, SortJSON{}}(\dv{SortString{}}("maxTopic"))),LblJSONs{}(LblJSONEntry{}(inj{SortString{}, SortJSONKey{}}(\dv{SortString{}}("9")),inj{SortString{}, SortJSON{}}(\dv{SortString{}}("pc"))),Lbl'Stop'List'LBraQuot'JSONs'QuotRBraUnds'JSONs{}())))))))))))),LblJSONs{}(LblJSONEntry{}(inj{SortString{}, SortJSONKey{}}(\dv{SortString{}}("lllcversion")),inj{SortString{}, SortJSON{}}(\dv{SortString{}}("Version: 0.5.14-develop.2022.6.6+commit.245805fe.Linux.g++"))),LblJSONs{}(LblJSONEntry{}(inj{SortString{}, SortJSONKey{}}(\dv{SortString{}}("solidity")),inj{SortString{}, SortJSON{}}(\dv{SortString{}}("Version: 0.8.5+commit.a4f2e591.Linux.g++"))),LblJSONs{}(LblJSONEntry{}(inj{SortString{}, SortJSONKey{}}(\dv{SortString{}}("source")),inj{SortString{}, SortJSON{}}(\dv{SortString{}}("src/GeneralStateTestsFiller/VMTests/vmLogTest/log3Filler.yml"))),LblJSONs{}(LblJSONEntry{}(inj{SortString{}, SortJSONKey{}}(\dv{SortString{}}("sourceHash")),inj{SortString{}, SortJSON{}}(\dv{SortString{}}("a9f85921eddbb5cb40c25866a6ddbeba848b97e212494ba81316c45a78e052a9"))),Lbl'Stop'List'LBraQuot'JSONs'QuotRBraUnds'JSONs{}()))))))))))),LblJSONs{}(LblJSONEntry{}(inj{SortString{}, SortJSONKey{}}(\dv{SortString{}}("env")),LblJSONObject{}(LblJSONs{}(LblJSONEntry{}(inj{SortString{}, SortJSONKey{}}(\dv{SortString{}}("currentBaseFee")),inj{SortString{}, SortJSON{}}(\dv{SortString{}}("0x0a"))),LblJSONs{}(LblJSONEntry{}(inj{SortString{}, SortJSONKey{}}(\dv{SortString{}}("currentCoinbase")),inj{SortString{}, SortJSON{}}(\dv{SortString{}}("0x2adc25665018aa1fe0e6bc666dac8fc2697ff9ba"))),LblJSONs{}(LblJSONEntry{}(inj{SortString{}, SortJSONKey{}}(\dv{SortString{}}("currentDifficulty")),inj{SortString{}, SortJSON{}}(\dv{SortString{}}("0x020000"))),LblJSONs{}(LblJSONEntry{}(inj{SortString{}, SortJSONKey{}}(\dv{SortString{}}("currentGasLimit")),inj{SortString{}, SortJSON{}}(\dv{SortString{}}("0x05f5e100"))),LblJSONs{}(LblJSONEntry{}(inj{SortString{}, SortJSONKey{}}(\dv{SortString{}}("currentNumber")),inj{SortString{}, SortJSON{}}(\dv{SortString{}}("0x01"))),LblJSONs{}(LblJSONEntry{}(inj{SortString{}, SortJSONKey{}}(\dv{SortString{}}("currentRandom")),inj{SortString{}, SortJSON{}}(\dv{SortString{}}("0x0000000000000000000000000000000000000000000000000000000000020000"))),LblJSONs{}(LblJSONEntry{}(inj{SortString{}, SortJSONKey{}}(\dv{SortString{}}("currentTimestamp")),inj{SortString{}, SortJSON{}}(\dv{SortString{}}("0x03e8"))),LblJSONs{}(LblJSONEntry{}(inj{SortString{}, SortJSONKey{}}(\dv{SortString{}}("previousHash")),inj{SortString{}, SortJSON{}}(\dv{SortString{}}("0x5e20a0453cecd065ea59c37ac63e079ee08998b6045136a8ce6635c7912ec0b6"))),Lbl'Stop'List'LBraQuot'JSONs'QuotRBraUnds'JSONs{}())))))))))),LblJSONs{}(LblJSONEntry{}(inj{SortString{}, SortJSONKey{}}(\dv{SortString{}}("post")),LblJSONObject{}(LblJSONs{}(LblJSONEntry{}(inj{SortString{}, SortJSONKey{}}(\dv{SortString{}}("Berlin")),LblJSONList{}(LblJSONs{}(LblJSONObject{}(LblJSONs{}(LblJSONEntry{}(inj{SortString{}, SortJSONKey{}}(\dv{SortString{}}("hash")),inj{SortString{}, SortJSON{}}(\dv{SortString{}}("0x42396b9989af3c53fbcb0db0534af563a7f1cdcf02985a801ec5da5bd98d7550"))),LblJSONs{}(LblJSONEntry{}(inj{SortString{}, SortJSONKey{}}(\dv{SortString{}}("indexes")),LblJSONObject{}(LblJSONs{}(LblJSONEntry{}(inj{SortString{}, SortJSONKey{}}(\dv{SortString{}}("data")),