
┌  OMITTED HASH (init, expanded)
│   k: #execute ~> CONTINUATION
│   pc: 0
│   callDepth: 0
│   statusCode: STATUSCODE
│   src: tests/foundry/test/Simple.t.sol:5:50
│
│  (217 steps)
├  OMITTED HASH (expanded)
│  k: #halt ~> #pc [ STOP ] ~> #execute ~> CONTINUATION:K
│  pc: 186
│  callDepth: 0
│  statusCode: EVMC_SUCCESS
│  src: tests/foundry/lib/forge-std/lib/ds-test/src/test.sol:37:38
│
│  (2 steps)
└  OMITTED HASH (expanded, stuck, leaf)
│  k: #halt ~> CONTINUATION:K
│  pc: 186
│  callDepth: 0
│  statusCode: EVMC_SUCCESS
│  src: tests/foundry/lib/forge-std/lib/ds-test/src/test.sol:37:38

┌  OMITTED HASH (target, leaf)
│   k: #halt ~> CONTINUATION
│   pc: PC_CELL_5d410f2a
│   callDepth: CALLDEPTH_CELL_5d410f2a
│   statusCode: STATUSCODE_FINAL


Node

( <generatedTop>
  <foundry>
    <kevm>
      <k>
        #halt
        ~> CONTINUATION:K
      </k>
      <mode>
        NORMAL
      </mode>
      <schedule>
        LONDON
      </schedule>
      <ethereum>
        <evm>
          <output>
            b""
          </output>
          <statusCode>
            EVMC_SUCCESS
          </statusCode>
          <callStack>
            .List
          </callStack>
          <interimStates>
            .List
          </interimStates>
          <callState>
            <id>
              1032069922050249630382865877677304880282300743300
            </id>
            <caller>
              CALLER_ID:Int
            </caller>
            <callData>
              b"\x18g]B"
            </callData>
            <callValue>
              0
            </callValue>
            <wordStack>
              ( 409427266 : .WordStack )
            </wordStack>
            <localMem>
              b"\x00\x00\x00\x00\x00\x00\x00\x00\x00\x00\x00\x00\x00\x00\x00\x00\x00\x00\x00\x00\x00\x00\x00\x00\x00\x00\x00\x00\x00\x00\x00\x00\x00\x00\x00\x00\x00\x00\x00\x00\x00\x00\x00\x00\x00\x00\x00\x00\x00\x00\x00\x00\x00\x00\x00\x00\x00\x00\x00\x00\x00\x00\x00\x00\x00\x00\x00\x00\x00\x00\x00\x00\x00\x00\x00\x00\x00\x00\x00\x00\x00\x00\x00\x00\x00\x00\x00\x00\x00\x00\x00\x00\x00\x00\x00\x80"
            </localMem>
            <memoryUsed>
              3
            </memoryUsed>
            <static>
              false
            </static>
            <callDepth>
              0
            </callDepth>
            ...
          </callState>
          <substate>
            <log>
              .List
            </log>
            <accessedAccounts>
              .Set
            </accessedAccounts>
            <accessedStorage>
              .Map
            </accessedStorage>
            ...
          </substate>
          <origin>
            ORIGIN_ID:Int
          </origin>
          ...
        </evm>
        <network>
          <activeAccounts>
            ( SetItem ( 1032069922050249630382865877677304880282300743300 ) SetItem ( 645326474426547203313410069153905908525362434349 ) )
          </activeAccounts>
          <accounts>
            ( <account>
              <acctID>
                645326474426547203313410069153905908525362434349
              </acctID>
              <balance>
                0
              </balance>
              <storage>
                .Map
              </storage>
              <origStorage>
                .Map
              </origStorage>
              <nonce>
                0
              </nonce>
              ...
            </account>
            ( <account>
              <acctID>
                1032069922050249630382865877677304880282300743300
              </acctID>
              <balance>
                0
              </balance>
              <storage>
                .Map
              </storage>
              <origStorage>
                .Map
              </origStorage>
              <nonce>
                1
              </nonce>
              ...
            </account>
            ACCOUNTS_INIT:AccountCellMap ) )
          </accounts>
          ...
        </network>
      </ethereum>
      ...
    </kevm>
    <cheatcodes>
      <prank>
        <prevCaller>
          .Account
        </prevCaller>
        <prevOrigin>
          .Account
        </prevOrigin>
        <newCaller>
          .Account
        </newCaller>
        <newOrigin>
          .Account
        </newOrigin>
        <active>
          false
        </active>
        <singleCall>
          false
        </singleCall>
        ...
      </prank>
      <expectedRevert>
        <isRevertExpected>
          false
        </isRevertExpected>
        ...
      </expectedRevert>
      <expectedOpcode>
        <isOpcodeExpected>
          false
        </isOpcodeExpected>
        <expectedAddress>
          .Account
        </expectedAddress>
        <expectedValue>
          0
        </expectedValue>
        <expectedData>
          b""
        </expectedData>
        <opcodeType>
          .OpcodeType
        </opcodeType>
      </expectedOpcode>
      <expectEmit>
        <recordEvent>
          false
        </recordEvent>
        <isEventExpected>
          false
        </isEventExpected>
        ...
      </expectEmit>
      <whitelist>
        <isCallWhitelistActive>
          false
        </isCallWhitelistActive>
        <isStorageWhitelistActive>
          false
        </isStorageWhitelistActive>
        <addressSet>
          .Set
        </addressSet>
        <storageSlotSet>
          .Set
        </storageSlotSet>
      </whitelist>
    </cheatcodes>
  </foundry>
  ...
</generatedTop>
#And ( { true #Equals 0 <=Int CALLER_ID:Int }
#And ( { true #Equals 0 <=Int ORIGIN_ID:Int }
#And ( { true #Equals CALLER_ID:Int <Int 1461501637330902918203684832716283019655932542976 }
#And ( { true #Equals ORIGIN_ID:Int <Int 1461501637330902918203684832716283019655932542976 }
#And ( { false #Equals <acctID>
  645326474426547203313410069153905908525362434349
</acctID> in_keys ( ACCOUNTS_INIT:AccountCellMap ) }
#And { false #Equals <acctID>
  1032069922050249630382865877677304880282300743300
</acctID> in_keys ( ACCOUNTS_INIT:AccountCellMap ) } ) ) ) ) ) )

module SUMMARY
    
    
           <kevm>
             <k>
               ( #execute
               ~> CONTINUATION => #halt
               ~> #pc [ STOP ]
               ~> #execute
               ~> CONTINUATION:K )
             </k>
             <mode>
               NORMAL
             </mode>
             <schedule>
               LONDON
             </schedule>
             <ethereum>
               <evm>
                 <output>
                   ( _OUTPUT_CELL => b"" )
                 </output>
                 <statusCode>
                   ( _STATUSCODE => EVMC_SUCCESS )
                 </statusCode>
                 <callStack>
                   .List
                 </callStack>
                 <interimStates>
                   .List
                 </interimStates>
                 <callState>
                   <id>
                     1032069922050249630382865877677304880282300743300
                   </id>
                   <callData>
                     ( AssertTest . testFail_assert_true ( ) => b"\x18g]B" )
                   </callData>
                   <callValue>
                     0
                   </callValue>
                   <wordStack>
                     ( .WordStack => ( 409427266 : .WordStack ) )
                   </wordStack>
                   <localMem>
                     ( .Bytes => b"\x00\x00\x00\x00\x00\x00\x00\x00\x00\x00\x00\x00\x00\x00\x00\x00\x00\x00\x00\x00\x00\x00\x00\x00\x00\x00\x00\x00\x00\x00\x00\x00\x00\x00\x00\x00\x00\x00\x00\x00\x00\x00\x00\x00\x00\x00\x00\x00\x00\x00\x00\x00\x00\x00\x00\x00\x00\x00\x00\x00\x00\x00\x00\x00\x00\x00\x00\x00\x00\x00\x00\x00\x00\x00\x00\x00\x00\x00\x00\x00\x00\x00\x00\x00\x00\x00\x00\x00\x00\x00\x00\x00\x00\x00\x00\x80" )
                   </localMem>
                   <memoryUsed>
                     ( 0 => 3 )
                   </memoryUsed>
                   <static>
                     false
                   </static>
                   <callDepth>
                     0
                   </callDepth>
                   ...
                 </callState>
                 <substate>
                   <log>
                     .List
                   </log>
                   <accessedAccounts>
                     .Set
                   </accessedAccounts>
                   <accessedStorage>
                     .Map
                   </accessedStorage>
                   ...
                 </substate>
                 ...
               </evm>
               <network>
                 <activeAccounts>
                   ( SetItem ( 1032069922050249630382865877677304880282300743300 ) SetItem ( 645326474426547203313410069153905908525362434349 ) )
                 </activeAccounts>
                 <accounts>
                   ( ( <account>
                     <acctID>
                       1032069922050249630382865877677304880282300743300
                     </acctID>
                     <account>
                       <acctID>
                         1032069922050249630382865877677304880282300743300
                       </acctID>
                       <balance>
                         0
                       </balance>
                       <storage>
                         .Map
                       </storage>
                       <origStorage>
                         .Map
                       </origStorage>
                       <nonce>
                         1
                       </nonce>
                       ...
                     </account>
                   </account> => <account>
                     <acctID>
                       645326474426547203313410069153905908525362434349
                     </acctID>
                     <balance>
                       0
                     </balance>
                     <storage>
                       .Map
                     </storage>
                     <origStorage>
                       .Map
                     </origStorage>
                     <nonce>
                       0
                     </nonce>
                     ...
                   </account> )
                   ( ( <account>
                     <acctID>
                       645326474426547203313410069153905908525362434349
                     </acctID>
                     <account>
                       <acctID>
                         645326474426547203313410069153905908525362434349
                       </acctID>
                       <balance>
                         0
                       </balance>
                       <storage>
                         .Map
                       </storage>
                       <origStorage>
                         .Map
                       </origStorage>
                       <nonce>
                         0
                       </nonce>
                       ...
                     </account>
                   </account> => <account>
                     <acctID>
                       1032069922050249630382865877677304880282300743300
                     </acctID>
                     <balance>
                       0
                     </balance>
                     <storage>
                       .Map
                     </storage>
                     <origStorage>
                       .Map
                     </origStorage>
                     <nonce>
                       1
                     </nonce>
                     ...
                   </account> )
                   _ACCOUNTS_INIT ) )
                 </accounts>
                 ...
               </network>
             </ethereum>
             ...
           </kevm>
           <cheatcodes>
             <prank>
               <prevCaller>
                 .Account
               </prevCaller>
               <prevOrigin>
                 .Account
               </prevOrigin>
               <newCaller>
                 .Account
               </newCaller>
               <newOrigin>
                 .Account
               </newOrigin>
               <active>
                 false
               </active>
               <singleCall>
                 false
               </singleCall>
               ...
             </prank>
             <expectedRevert>
               <isRevertExpected>
                 false
               </isRevertExpected>
               ...
             </expectedRevert>
             <expectedOpcode>
               <isOpcodeExpected>
                 false
               </isOpcodeExpected>
               <expectedAddress>
                 .Account
               </expectedAddress>
               <expectedValue>
                 0
               </expectedValue>
               <expectedData>
                 ( .Bytes => b"" )
               </expectedData>
               <opcodeType>
                 .OpcodeType
               </opcodeType>
             </expectedOpcode>
             <expectEmit>
               <recordEvent>
                 false
               </recordEvent>
               <isEventExpected>
                 false
               </isEventExpected>
               ...
             </expectEmit>
             <whitelist>
               <isCallWhitelistActive>
                 false
               </isCallWhitelistActive>
               <isStorageWhitelistActive>
                 false
               </isStorageWhitelistActive>
               <addressSet>
                 .Set
               </addressSet>
               <storageSlotSet>
                 .Set
               </storageSlotSet>
             </whitelist>
           </cheatcodes>
         </foundry>
    
           <kevm>
             <k>
               #halt
               ~> ( #pc [ STOP ]
               ~> #execute => .K )
               ~> _CONTINUATION
             </k>
             <mode>
               NORMAL
             </mode>
             <schedule>
               LONDON
             </schedule>
             <ethereum>
               <evm>
                 <output>
                   b""
                 </output>
                 <statusCode>
                   EVMC_SUCCESS
                 </statusCode>
                 <callStack>
                   .List
                 </callStack>
                 <interimStates>
                   .List
                 </interimStates>
                 <callState>
                   <id>
                     1032069922050249630382865877677304880282300743300
                   </id>
                   <callData>
                     b"\x18g]B"
                   </callData>
                   <callValue>
                     0
                   </callValue>
                   <wordStack>
                     ( 409427266 : .WordStack )
                   </wordStack>
                   <localMem>
                     b"\x00\x00\x00\x00\x00\x00\x00\x00\x00\x00\x00\x00\x00\x00\x00\x00\x00\x00\x00\x00\x00\x00\x00\x00\x00\x00\x00\x00\x00\x00\x00\x00\x00\x00\x00\x00\x00\x00\x00\x00\x00\x00\x00\x00\x00\x00\x00\x00\x00\x00\x00\x00\x00\x00\x00\x00\x00\x00\x00\x00\x00\x00\x00\x00\x00\x00\x00\x00\x00\x00\x00\x00\x00\x00\x00\x00\x00\x00\x00\x00\x00\x00\x00\x00\x00\x00\x00\x00\x00\x00\x00\x00\x00\x00\x00\x80"
                   </localMem>
                   <memoryUsed>
                     3
                   </memoryUsed>
                   <static>
                     false
                   </static>
                   <callDepth>
                     0
                   </callDepth>
                   ...
                 </callState>
                 <substate>
                   <log>
                     .List
                   </log>
                   <accessedAccounts>
                     .Set
                   </accessedAccounts>
                   <accessedStorage>
                     .Map
                   </accessedStorage>
                   ...
                 </substate>
                 ...
               </evm>
               <network>
                 <activeAccounts>
                   ( SetItem ( 1032069922050249630382865877677304880282300743300 ) SetItem ( 645326474426547203313410069153905908525362434349 ) )
                 </activeAccounts>
                 <accounts>
                   ( <account>
                     <acctID>
                       645326474426547203313410069153905908525362434349
                     </acctID>
                     <balance>
                       0
                     </balance>
                     <storage>
                       .Map
                     </storage>
                     <origStorage>
                       .Map
                     </origStorage>
                     <nonce>
                       0
                     </nonce>
                     ...
                   </account>
                   ( <account>
                     <acctID>
                       1032069922050249630382865877677304880282300743300
                     </acctID>
                     <balance>
                       0
                     </balance>
                     <storage>
                       .Map
                     </storage>
                     <origStorage>
                       .Map
                     </origStorage>
                     <nonce>
                       1
                     </nonce>
                     ...
                   </account>
                   _ACCOUNTS_INIT ) )
                 </accounts>
                 ...
               </network>
             </ethereum>
             ...
           </kevm>
           <cheatcodes>
             <prank>
               <prevCaller>
                 .Account
               </prevCaller>
               <prevOrigin>
                 .Account
               </prevOrigin>
               <newCaller>
                 .Account
               </newCaller>
               <newOrigin>
                 .Account
               </newOrigin>
               <active>
                 false
               </active>
               <singleCall>
                 false
               </singleCall>
               ...
             </prank>
             <expectedRevert>
               <isRevertExpected>
                 false
               </isRevertExpected>
               ...
             </expectedRevert>
             <expectedOpcode>
               <isOpcodeExpected>
                 false
               </isOpcodeExpected>
               <expectedAddress>
                 .Account
               </expectedAddress>
               <expectedValue>
                 0
               </expectedValue>
               <expectedData>
                 b""
               </expectedData>
               <opcodeType>
                 .OpcodeType
               </opcodeType>
             </expectedOpcode>
             <expectEmit>
               <recordEvent>
                 false
               </recordEvent>
               <isEventExpected>
                 false
               </isEventExpected>
               ...
             </expectEmit>
             <whitelist>
               <isCallWhitelistActive>
                 false
               </isCallWhitelistActive>
               <isStorageWhitelistActive>
                 false
               </isStorageWhitelistActive>
               <addressSet>
                 .Set
               </addressSet>
               <storageSlotSet>
                 .Set
               </storageSlotSet>
             </whitelist>
           </cheatcodes>
         </foundry>

endmodule

