
┌─ 4 (init, expanded)
│    k: #execute ~> CONTINUATION
│    pc: 0
│    callDepth: 0
│    statusCode: STATUSCODE
│    src: tests/foundry/test/Simple.t.sol:5:48
│
│  (480 steps)
├─ 7 (expanded)
│    k: #end EVMC_REVERT ~> #pc [ REVERT ] ~> #execute ~> CONTINUATION:K
│    pc: 918
│    callDepth: 0
│    statusCode: STATUSCODE:StatusCode
│
│  (1 step)
├─ 9 (expanded)
│    k: #halt ~> #pc [ REVERT ] ~> #execute ~> CONTINUATION:K
│    pc: 918
│    callDepth: 0
│    statusCode: EVMC_REVERT
│
│  (2 steps)
└─ 11 (expanded, stuck, leaf)
     k: #halt ~> CONTINUATION:K
     pc: 918
     callDepth: 0
     statusCode: EVMC_REVERT
   (stuck)


└─ 3 (target, leaf)
     k: #halt ~> CONTINUATION
     pc: PC_CELL_5d410f2a
     callDepth: CALLDEPTH_CELL_5d410f2a
     statusCode: STATUSCODE_FINAL


Target Nodes:

3 (target, leaf)
 k: #halt ~> CONTINUATION
 pc: PC_CELL_5d410f2a
 callDepth: CALLDEPTH_CELL_5d410f2a
 statusCode: STATUSCODE_FINAL


Node 11:

( <generatedTop>
  <foundry>
    <kevm>
      <k>
        #halt
        ~> CONTINUATION:K
      </k>
      <mode>
        NORMAL
      </mode>
      <schedule>
        LONDON
      </schedule>
      <ethereum>
        <evm>
          <output>
            b"NH{q\x00\x00\x00\x00\x00\x00\x00\x00\x00\x00\x00\x00\x00\x00\x00\x00\x00\x00\x00\x00\x00\x00\x00\x00\x00\x00\x00\x00\x00\x00\x00\x01"
          </output>
          <statusCode>
            EVMC_REVERT
          </statusCode>
          <callStack>
            .List
          </callStack>
          <interimStates>
            .List
          </interimStates>
          <callState>
            <id>
              728815563385977040452943777879061427756277306518
            </id>
            <caller>
              CALLER_ID:Int
            </caller>
            <callData>
              b"]\xde\xcb\xfd"
            </callData>
            <callValue>
              0
            </callValue>
            <wordStack>
              ( 342 : ( 174 : ( selector ( "test_assert_false()" ) : .WordStack ) ) )
            </wordStack>
            <localMem>
              b"NH{q\x00\x00\x00\x00\x00\x00\x00\x00\x00\x00\x00\x00\x00\x00\x00\x00\x00\x00\x00\x00\x00\x00\x00\x00\x00\x00\x00\x00\x00\x00\x00\x01\x00\x00\x00\x00\x00\x00\x00\x00\x00\x00\x00\x00\x00\x00\x00\x00\x00\x00\x00\x00\x00\x00\x00\x00\x00\x00\x00\x00\x00\x00\x00\x00\x00\x00\x00\x00\x00\x00\x00\x00\x00\x00\x00\x00\x00\x00\x00\x00\x00\x00\x00\x00\x00\x00\x00\x00\x00\x00\x00\x80"
            </localMem>
            <memoryUsed>
              3
            </memoryUsed>
            <static>
              false
            </static>
            <callDepth>
              0
            </callDepth>
            ...
          </callState>
          <substate>
            <log>
              .List
            </log>
            <accessedAccounts>
              .Set
            </accessedAccounts>
            <accessedStorage>
              .Map
            </accessedStorage>
            ...
          </substate>
          <origin>
            ORIGIN_ID:Int
          </origin>
          <block>
            <number>
              NUMBER_CELL:Int
            </number>
            ...
          </block>
          ...
        </evm>
        <network>
          <accounts>
            ( <account>
              <acctID>
                645326474426547203313410069153905908525362434349
              </acctID>
              <balance>
                0
              </balance>
              <storage>
                .Map
              </storage>
              <origStorage>
                .Map
              </origStorage>
              <nonce>
                0
              </nonce>
              ...
            </account>
            <account>
              <acctID>
                728815563385977040452943777879061427756277306518
              </acctID>
              <balance>
                0
              </balance>
              <storage>
                .Map
              </storage>
              <origStorage>
                .Map
              </origStorage>
              <nonce>
                1
              </nonce>
              ...
            </account> )
          </accounts>
          ...
        </network>
      </ethereum>
      ...
    </kevm>
    <cheatcodes>
      <prank>
        <prevCaller>
          .Account
        </prevCaller>
        <prevOrigin>
          .Account
        </prevOrigin>
        <newCaller>
          .Account
        </newCaller>
        <newOrigin>
          .Account
        </newOrigin>
        <active>
          false
        </active>
        <singleCall>
          false
        </singleCall>
        ...
      </prank>
      <expectedRevert>
        <isRevertExpected>
          false
        </isRevertExpected>
        ...
      </expectedRevert>
      <expectedOpcode>
        <isOpcodeExpected>
          false
        </isOpcodeExpected>
        <expectedAddress>
          .Account
        </expectedAddress>
        <expectedValue>
          0
        </expectedValue>
        <expectedData>
          b""
        </expectedData>
        <opcodeType>
          .OpcodeType
        </opcodeType>
      </expectedOpcode>
      <expectEmit>
        <recordEvent>
          false
        </recordEvent>
        <isEventExpected>
          false
        </isEventExpected>
        ...
      </expectEmit>
      <whitelist>
        <isCallWhitelistActive>
          false
        </isCallWhitelistActive>
        <isStorageWhitelistActive>
          false
        </isStorageWhitelistActive>
        <addressSet>
          .Set
        </addressSet>
        <storageSlotSet>
          .Set
        </storageSlotSet>
      </whitelist>
    </cheatcodes>
  </foundry>
  ...
</generatedTop>
#And ( { true #Equals 0 <=Int CALLER_ID:Int }
#And ( { true #Equals 0 <=Int ORIGIN_ID:Int }
#And ( { true #Equals 0 <=Int NUMBER_CELL:Int }
#And ( { true #Equals CALLER_ID:Int <Int pow160 }
#And ( { true #Equals ORIGIN_ID:Int <Int pow160 }
#And { true #Equals NUMBER_CELL:Int <=Int maxSInt256 } ) ) ) ) ) )



module SUMMARY-ASSERTTEST-TEST-ASSERT-FALSE
    
    
           <kevm>
             <k>
               ( #execute
               ~> CONTINUATION => #end EVMC_REVERT
               ~> #pc [ REVERT ]
               ~> #execute
               ~> CONTINUATION:K )
             </k>
             <mode>
               NORMAL
             </mode>
             <schedule>
               LONDON
             </schedule>
             <ethereum>
               <evm>
                 <output>
                   ( _OUTPUT_CELL => b"NH{q\x00\x00\x00\x00\x00\x00\x00\x00\x00\x00\x00\x00\x00\x00\x00\x00\x00\x00\x00\x00\x00\x00\x00\x00\x00\x00\x00\x00\x00\x00\x00\x01" )
                 </output>
                 <callStack>
                   .List
                 </callStack>
                 <interimStates>
                   .List
                 </interimStates>
                 <callState>
                   <id>
                     728815563385977040452943777879061427756277306518
                   </id>
                   <callData>
                     ( AssertTest . test_assert_false ( ) => b"]\xde\xcb\xfd" )
                   </callData>
                   <callValue>
                     0
                   </callValue>
                   <wordStack>
                     ( .WordStack => ( 342 : ( 174 : ( 1574882301 : .WordStack ) ) ) )
                   </wordStack>
                   <localMem>
                     ( .Bytes => b"NH{q\x00\x00\x00\x00\x00\x00\x00\x00\x00\x00\x00\x00\x00\x00\x00\x00\x00\x00\x00\x00\x00\x00\x00\x00\x00\x00\x00\x00\x00\x00\x00\x01\x00\x00\x00\x00\x00\x00\x00\x00\x00\x00\x00\x00\x00\x00\x00\x00\x00\x00\x00\x00\x00\x00\x00\x00\x00\x00\x00\x00\x00\x00\x00\x00\x00\x00\x00\x00\x00\x00\x00\x00\x00\x00\x00\x00\x00\x00\x00\x00\x00\x00\x00\x00\x00\x00\x00\x00\x00\x00\x00\x80" )
                   </localMem>
                   <memoryUsed>
                     ( 0 => 3 )
                   </memoryUsed>
                   <static>
                     false
                   </static>
                   <callDepth>
                     0
                   </callDepth>
                   ...
                 </callState>
                 <substate>
                   <log>
                     .List
                   </log>
                   <accessedAccounts>
                     .Set
                   </accessedAccounts>
                   <accessedStorage>
                     .Map
                   </accessedStorage>
                   ...
                 </substate>
                 ...
               </evm>
               <network>
                 <accounts>
                   ( ( <account>
                     <acctID>
                       728815563385977040452943777879061427756277306518
                     </acctID>
                     <balance>
                       0
                     </balance>
                     <storage>
                       .Map
                     </storage>
                     <origStorage>
                       .Map
                     </origStorage>
                     <nonce>
                       1
                     </nonce>
                     ...
                   </account> => <account>
                     <acctID>
                       645326474426547203313410069153905908525362434349
                     </acctID>
                     <balance>
                       0
                     </balance>
                     <storage>
                       .Map
                     </storage>
                     <origStorage>
                       .Map
                     </origStorage>
                     <nonce>
                       0
                     </nonce>
                     ...
                   </account> )
                   ( <account>
                     <acctID>
                       645326474426547203313410069153905908525362434349
                     </acctID>
                     <balance>
                       0
                     </balance>
                     <storage>
                       .Map
                     </storage>
                     <origStorage>
                       .Map
                     </origStorage>
                     <nonce>
                       0
                     </nonce>
                     ...
                   </account> => <account>
                     <acctID>
                       728815563385977040452943777879061427756277306518
                     </acctID>
                     <balance>
                       0
                     </balance>
                     <storage>
                       .Map
                     </storage>
                     <origStorage>
                       .Map
                     </origStorage>
                     <nonce>
                       1
                     </nonce>
                     ...
                   </account> ) )
                 </accounts>
                 ...
               </network>
             </ethereum>
             ...
           </kevm>
           <cheatcodes>
             <prank>
               <prevCaller>
                 .Account
               </prevCaller>
               <prevOrigin>
                 .Account
               </prevOrigin>
               <newCaller>
                 .Account
               </newCaller>
               <newOrigin>
                 .Account
               </newOrigin>
               <active>
                 false
               </active>
               <singleCall>
                 false
               </singleCall>
               ...
             </prank>
             <expectedRevert>
               <isRevertExpected>
                 false
               </isRevertExpected>
               ...
             </expectedRevert>
             <expectedOpcode>
               <isOpcodeExpected>
                 false
               </isOpcodeExpected>
               <expectedAddress>
                 .Account
               </expectedAddress>
               <expectedValue>
                 0
               </expectedValue>
               <expectedData>
                 ( .Bytes => b"" )
               </expectedData>
               <opcodeType>
                 .OpcodeType
               </opcodeType>
             </expectedOpcode>
             <expectEmit>
               <recordEvent>
                 false
               </recordEvent>
               <isEventExpected>
                 false
               </isEventExpected>
               ...
             </expectEmit>
             <whitelist>
               <isCallWhitelistActive>
                 false
               </isCallWhitelistActive>
               <isStorageWhitelistActive>
                 false
               </isStorageWhitelistActive>
               <addressSet>
                 .Set
               </addressSet>
               <storageSlotSet>
                 .Set
               </storageSlotSet>
             </whitelist>
           </cheatcodes>
         </foundry>
    
           <kevm>
             <k>
               ( #end EVMC_REVERT => #halt )
               ~> #pc [ REVERT ]
               ~> #execute
               ~> _CONTINUATION
             </k>
             <mode>
               NORMAL
             </mode>
             <schedule>
               LONDON
             </schedule>
             <ethereum>
               <evm>
                 <output>
                   b"NH{q\x00\x00\x00\x00\x00\x00\x00\x00\x00\x00\x00\x00\x00\x00\x00\x00\x00\x00\x00\x00\x00\x00\x00\x00\x00\x00\x00\x00\x00\x00\x00\x01"
                 </output>
                 <statusCode>
                   ( _STATUSCODE => EVMC_REVERT )
                 </statusCode>
                 <callStack>
                   .List
                 </callStack>
                 <interimStates>
                   .List
                 </interimStates>
                 <callState>
                   <id>
                     728815563385977040452943777879061427756277306518
                   </id>
                   <callData>
                     b"]\xde\xcb\xfd"
                   </callData>
                   <callValue>
                     0
                   </callValue>
                   <wordStack>
                     ( 342 : ( 174 : ( 1574882301 : .WordStack ) ) )
                   </wordStack>
                   <localMem>
                     b"NH{q\x00\x00\x00\x00\x00\x00\x00\x00\x00\x00\x00\x00\x00\x00\x00\x00\x00\x00\x00\x00\x00\x00\x00\x00\x00\x00\x00\x00\x00\x00\x00\x01\x00\x00\x00\x00\x00\x00\x00\x00\x00\x00\x00\x00\x00\x00\x00\x00\x00\x00\x00\x00\x00\x00\x00\x00\x00\x00\x00\x00\x00\x00\x00\x00\x00\x00\x00\x00\x00\x00\x00\x00\x00\x00\x00\x00\x00\x00\x00\x00\x00\x00\x00\x00\x00\x00\x00\x00\x00\x00\x00\x80"
                   </localMem>
                   <memoryUsed>
                     3
                   </memoryUsed>
                   <static>
                     false
                   </static>
                   <callDepth>
                     0
                   </callDepth>
                   ...
                 </callState>
                 <substate>
                   <log>
                     .List
                   </log>
                   <accessedAccounts>
                     .Set
                   </accessedAccounts>
                   <accessedStorage>
                     .Map
                   </accessedStorage>
                   ...
                 </substate>
                 ...
               </evm>
               <network>
                 <accounts>
                   ( <account>
                     <acctID>
                       645326474426547203313410069153905908525362434349
                     </acctID>
                     <balance>
                       0
                     </balance>
                     <storage>
                       .Map
                     </storage>
                     <origStorage>
                       .Map
                     </origStorage>
                     <nonce>
                       0
                     </nonce>
                     ...
                   </account>
                   <account>
                     <acctID>
                       728815563385977040452943777879061427756277306518
                     </acctID>
                     <balance>
                       0
                     </balance>
                     <storage>
                       .Map
                     </storage>
                     <origStorage>
                       .Map
                     </origStorage>
                     <nonce>
                       1
                     </nonce>
                     ...
                   </account> )
                 </accounts>
                 ...
               </network>
             </ethereum>
             ...
           </kevm>
           <cheatcodes>
             <prank>
               <prevCaller>
                 .Account
               </prevCaller>
               <prevOrigin>
                 .Account
               </prevOrigin>
               <newCaller>
                 .Account
               </newCaller>
               <newOrigin>
                 .Account
               </newOrigin>
               <active>
                 false
               </active>
               <singleCall>
                 false
               </singleCall>
               ...
             </prank>
             <expectedRevert>
               <isRevertExpected>
                 false
               </isRevertExpected>
               ...
             </expectedRevert>
             <expectedOpcode>
               <isOpcodeExpected>
                 false
               </isOpcodeExpected>
               <expectedAddress>
                 .Account
               </expectedAddress>
               <expectedValue>
                 0
               </expectedValue>
               <expectedData>
                 b""
               </expectedData>
               <opcodeType>
                 .OpcodeType
               </opcodeType>
             </expectedOpcode>
             <expectEmit>
               <recordEvent>
                 false
               </recordEvent>
               <isEventExpected>
                 false
               </isEventExpected>
               ...
             </expectEmit>
             <whitelist>
               <isCallWhitelistActive>
                 false
               </isCallWhitelistActive>
               <isStorageWhitelistActive>
                 false
               </isStorageWhitelistActive>
               <addressSet>
                 .Set
               </addressSet>
               <storageSlotSet>
                 .Set
               </storageSlotSet>
             </whitelist>
           </cheatcodes>
         </foundry>
    
           <kevm>
             <k>
               #halt
               ~> ( #pc [ REVERT ]
               ~> #execute => .K )
               ~> _CONTINUATION
             </k>
             <mode>
               NORMAL
             </mode>
             <schedule>
               LONDON
             </schedule>
             <ethereum>
               <evm>
                 <output>
                   b"NH{q\x00\x00\x00\x00\x00\x00\x00\x00\x00\x00\x00\x00\x00\x00\x00\x00\x00\x00\x00\x00\x00\x00\x00\x00\x00\x00\x00\x00\x00\x00\x00\x01"
                 </output>
                 <statusCode>
                   EVMC_REVERT
                 </statusCode>
                 <callStack>
                   .List
                 </callStack>
                 <interimStates>
                   .List
                 </interimStates>
                 <callState>
                   <id>
                     728815563385977040452943777879061427756277306518
                   </id>
                   <callData>
                     b"]\xde\xcb\xfd"
                   </callData>
                   <callValue>
                     0
                   </callValue>
                   <wordStack>
                     ( 342 : ( 174 : ( 1574882301 : .WordStack ) ) )
                   </wordStack>
                   <localMem>
                     b"NH{q\x00\x00\x00\x00\x00\x00\x00\x00\x00\x00\x00\x00\x00\x00\x00\x00\x00\x00\x00\x00\x00\x00\x00\x00\x00\x00\x00\x00\x00\x00\x00\x01\x00\x00\x00\x00\x00\x00\x00\x00\x00\x00\x00\x00\x00\x00\x00\x00\x00\x00\x00\x00\x00\x00\x00\x00\x00\x00\x00\x00\x00\x00\x00\x00\x00\x00\x00\x00\x00\x00\x00\x00\x00\x00\x00\x00\x00\x00\x00\x00\x00\x00\x00\x00\x00\x00\x00\x00\x00\x00\x00\x80"
                   </localMem>
                   <memoryUsed>
                     3
                   </memoryUsed>
                   <static>
                     false
                   </static>
                   <callDepth>
                     0
                   </callDepth>
                   ...
                 </callState>
                 <substate>
                   <log>
                     .List
                   </log>
                   <accessedAccounts>
                     .Set
                   </accessedAccounts>
                   <accessedStorage>
                     .Map
                   </accessedStorage>
                   ...
                 </substate>
                 ...
               </evm>
               <network>
                 <accounts>
                   ( <account>
                     <acctID>
                       645326474426547203313410069153905908525362434349
                     </acctID>
                     <balance>
                       0
                     </balance>
                     <storage>
                       .Map
                     </storage>
                     <origStorage>
                       .Map
                     </origStorage>
                     <nonce>
                       0
                     </nonce>
                     ...
                   </account>
                   <account>
                     <acctID>
                       728815563385977040452943777879061427756277306518
                     </acctID>
                     <balance>
                       0
                     </balance>
                     <storage>
                       .Map
                     </storage>
                     <origStorage>
                       .Map
                     </origStorage>
                     <nonce>
                       1
                     </nonce>
                     ...
                   </account> )
                 </accounts>
                 ...
               </network>
             </ethereum>
             ...
           </kevm>
           <cheatcodes>
             <prank>
               <prevCaller>
                 .Account
               </prevCaller>
               <prevOrigin>
                 .Account
               </prevOrigin>
               <newCaller>
                 .Account
               </newCaller>
               <newOrigin>
                 .Account
               </newOrigin>
               <active>
                 false
               </active>
               <singleCall>
                 false
               </singleCall>
               ...
             </prank>
             <expectedRevert>
               <isRevertExpected>
                 false
               </isRevertExpected>
               ...
             </expectedRevert>
             <expectedOpcode>
               <isOpcodeExpected>
                 false
               </isOpcodeExpected>
               <expectedAddress>
                 .Account
               </expectedAddress>
               <expectedValue>
                 0
               </expectedValue>
               <expectedData>
                 b""
               </expectedData>
               <opcodeType>
                 .OpcodeType
               </opcodeType>
             </expectedOpcode>
             <expectEmit>
               <recordEvent>
                 false
               </recordEvent>
               <isEventExpected>
                 false
               </isEventExpected>
               ...
             </expectEmit>
             <whitelist>
               <isCallWhitelistActive>
                 false
               </isCallWhitelistActive>
               <isStorageWhitelistActive>
                 false
               </isStorageWhitelistActive>
               <addressSet>
                 .Set
               </addressSet>
               <storageSlotSet>
                 .Set
               </storageSlotSet>
             </whitelist>
           </cheatcodes>
         </foundry>

endmodule

