
┌─ OMITTED HASH (init, expanded)
│    k: #execute ~> CONTINUATION
│    pc: 0
│    callDepth: 0
│    statusCode: STATUSCODE
│    src: tests/foundry/test/AssumeTest.t.sol:5:44
│
│  (920 steps)
├─ OMITTED HASH (expanded)
│    k: #checkCall 1032069922050249630382865877677304880282300743300 0 ~> #call 10320699 ...
│    pc: 424
│    callDepth: 0
│    statusCode: STATUSCODE:StatusCode
│
│  (300 steps)
├─ OMITTED HASH (expanded)
│    k: #halt ~> #pc [ STOP ] ~> #execute ~> CONTINUATION:K
│    pc: 183
│    callDepth: 0
│    statusCode: EVMC_SUCCESS
│    src: tests/foundry/lib/forge-std/src/Script.sol:8:9
│
│  (2 steps)
└─ OMITTED HASH (expanded, stuck, leaf)
     k: #halt ~> CONTINUATION:K
     pc: 183
     callDepth: 0
     statusCode: EVMC_SUCCESS
     src: tests/foundry/lib/forge-std/src/Script.sol:8:9
   (stuck)


└─ OMITTED HASH (target, leaf)
     k: #halt ~> CONTINUATION
     pc: PC_CELL_5d410f2a
     callDepth: CALLDEPTH_CELL_5d410f2a
     statusCode: STATUSCODE_FINAL
   (looped back)


Target Nodes:

OMITTED HASH (target, leaf)
 k: #halt ~> CONTINUATION
 pc: PC_CELL_5d410f2a
 callDepth: CALLDEPTH_CELL_5d410f2a
 statusCode: STATUSCODE_FINAL


Node OMITTED HASH:

( <generatedTop>
  <foundry>
    <kevm>
      <k>
        #halt
        ~> CONTINUATION:K
      </k>
      <mode>
        NORMAL
      </mode>
      <schedule>
        LONDON
      </schedule>
      <ethereum>
        <evm>
          <output>
            b""
          </output>
          <statusCode>
            EVMC_SUCCESS
          </statusCode>
          <callStack>
            .List
          </callStack>
          <interimStates>
            .List
          </interimStates>
          <callState>
            <id>
              1032069922050249630382865877677304880282300743300
            </id>
            <caller>
              CALLER_ID:Int
            </caller>
            <callData>
              b"_.p\xfb" +Bytes #buf ( 32 , VV1_b_114b9705:Int ) +Bytes #buf ( 32 , VV1_b_114b9705:Int )
            </callData>
            <callValue>
              0
            </callValue>
            <wordStack>
              ( 1596879099 : .WordStack )
            </wordStack>
            <localMem>
              b"\x00\x00\x00\x00\x00\x00\x00\x00\x00\x00\x00\x00\x00\x00\x00\x00\x00\x00\x00\x00\x00\x00\x00\x00\x00\x00\x00\x00\x00\x00\x00\x00\x00\x00\x00\x00\x00\x00\x00\x00\x00\x00\x00\x00\x00\x00\x00\x00\x00\x00\x00\x00\x00\x00\x00\x00\x00\x00\x00\x00\x00\x00\x00\x00\x00\x00\x00\x00\x00\x00\x00\x00\x00\x00\x00\x00\x00\x00\x00\x00\x00\x00\x00\x00\x00\x00\x00\x00\x00\x00\x00\x00\x00\x00\x00\x80\x00\x00\x00\x00\x00\x00\x00\x00\x00\x00\x00\x00\x00\x00\x00\x00\x00\x00\x00\x00\x00\x00\x00\x00\x00\x00\x00\x00\x00\x00\x00\x00Lc\xe5b\x00\x00\x00\x00\x00\x00\x00\x00\x00\x00\x00\x00\x00\x00\x00\x00\x00\x00\x00\x00\x00\x00\x00\x00\x00\x00\x00\x00\x00\x00\x00\x01"
            </localMem>
            <memoryUsed>
              6
            </memoryUsed>
            <callGas>
              9079256848778916812
            </callGas>
            <static>
              false
            </static>
            <callDepth>
              0
            </callDepth>
            ...
          </callState>
          <substate>
            <log>
              .List
            </log>
            <accessedAccounts>
              SetItem ( 645326474426547203313410069153905908525362434349 )
            </accessedAccounts>
            <accessedStorage>
              .Map
            </accessedStorage>
            ...
          </substate>
          <origin>
            ORIGIN_ID:Int
          </origin>
          ...
        </evm>
        <network>
          <accounts>
            ( <account>
              <acctID>
                1032069922050249630382865877677304880282300743300
              </acctID>
              <balance>
                0
              </balance>
              <storage>
                .Map
              </storage>
              <origStorage>
                .Map
              </origStorage>
              <nonce>
                1
              </nonce>
              ...
            </account>
            ( <account>
              <acctID>
                645326474426547203313410069153905908525362434349
              </acctID>
              <balance>
                0
              </balance>
              <storage>
                .Map
              </storage>
              <origStorage>
                .Map
              </origStorage>
              <nonce>
                0
              </nonce>
              ...
            </account>
            ACCOUNTS_INIT:AccountCellMap ) )
          </accounts>
          ...
        </network>
      </ethereum>
      ...
    </kevm>
    <cheatcodes>
      <prank>
        <prevCaller>
          .Account
        </prevCaller>
        <prevOrigin>
          .Account
        </prevOrigin>
        <newCaller>
          .Account
        </newCaller>
        <newOrigin>
          .Account
        </newOrigin>
        <active>
          false
        </active>
        <singleCall>
          false
        </singleCall>
        ...
      </prank>
      <expectedRevert>
        <isRevertExpected>
          false
        </isRevertExpected>
        ...
      </expectedRevert>
      <expectedOpcode>
        <isOpcodeExpected>
          false
        </isOpcodeExpected>
        <expectedAddress>
          .Account
        </expectedAddress>
        <expectedValue>
          0
        </expectedValue>
        <expectedData>
          b""
        </expectedData>
        <opcodeType>
          .OpcodeType
        </opcodeType>
      </expectedOpcode>
      <expectEmit>
        <recordEvent>
          false
        </recordEvent>
        <isEventExpected>
          false
        </isEventExpected>
        ...
      </expectEmit>
      <whitelist>
        <isCallWhitelistActive>
          false
        </isCallWhitelistActive>
        <isStorageWhitelistActive>
          false
        </isStorageWhitelistActive>
        <addressSet>
          .Set
        </addressSet>
        <storageSlotSet>
          .Set
        </storageSlotSet>
      </whitelist>
    </cheatcodes>
  </foundry>
  ...
</generatedTop>
#And ( { VV0_a_114b9705:Int #Equals VV1_b_114b9705:Int }
#And ( { true #Equals 0 <=Int CALLER_ID:Int }
#And ( { true #Equals 0 <=Int ORIGIN_ID:Int }
#And ( { true #Equals 0 <=Int VV1_b_114b9705:Int }
#And ( { true #Equals CALLER_ID:Int <Int 1461501637330902918203684832716283019655932542976 }
#And ( { true #Equals ORIGIN_ID:Int <Int 1461501637330902918203684832716283019655932542976 }
#And ( { true #Equals VV1_b_114b9705:Int <Int 115792089237316195423570985008687907853269984665640564039457584007913129639936 }
#And ( { false #Equals <acctID>
  645326474426547203313410069153905908525362434349
</acctID> in_keys ( ACCOUNTS_INIT:AccountCellMap ) }
#And { false #Equals <acctID>
  1032069922050249630382865877677304880282300743300
</acctID> in_keys ( ACCOUNTS_INIT:AccountCellMap ) } ) ) ) ) ) ) ) ) )

module SUMMARY-ASSUMETEST-TESTFAIL-ASSUME-FALSE
    
    
           <kevm>
             <k>
               ( #execute
               ~> CONTINUATION => #checkCall 1032069922050249630382865877677304880282300743300 0
               ~> #call 1032069922050249630382865877677304880282300743300 645326474426547203313410069153905908525362434349 645326474426547203313410069153905908525362434349 0 0 b"Lc\xe5b" +Bytes #buf ( 32 , bool2Word ( VV0_a_114b9705:Int ==Int VV1_b_114b9705:Int ) ) false
               ~> #return 128 0
               ~> #pc [ CALL ]
               ~> #execute
               ~> CONTINUATION:K )
             </k>
             <mode>
               NORMAL
             </mode>
             <schedule>
               LONDON
             </schedule>
             <ethereum>
               <evm>
                 <callStack>
                   .List
                 </callStack>
                 <interimStates>
                   .List
                 </interimStates>
                 <callState>
                   <id>
                     1032069922050249630382865877677304880282300743300
                   </id>
                   <callData>
                     ( AssumeTest . testFail_assume_false ( VV0_a_114b9705 , VV1_b_114b9705 ) => b"_.p\xfb" +Bytes #buf ( 32 , VV0_a_114b9705:Int ) +Bytes #buf ( 32 , VV1_b_114b9705:Int ) )
                   </callData>
                   <callValue>
                     0
                   </callValue>
                   <wordStack>
                     ( .WordStack => ( 164 : ( 1281615202 : ( 645326474426547203313410069153905908525362434349 : ( VV1_b_114b9705:Int : ( VV0_a_114b9705:Int : ( 182 : ( 1596879099 : .WordStack ) ) ) ) ) ) ) )
                   </wordStack>
                   <localMem>
                     ( .Bytes => #writeRange ( b"\x00\x00\x00\x00\x00\x00\x00\x00\x00\x00\x00\x00\x00\x00\x00\x00\x00\x00\x00\x00\x00\x00\x00\x00\x00\x00\x00\x00\x00\x00\x00\x00\x00\x00\x00\x00\x00\x00\x00\x00\x00\x00\x00\x00\x00\x00\x00\x00\x00\x00\x00\x00\x00\x00\x00\x00\x00\x00\x00\x00\x00\x00\x00\x00\x00\x00\x00\x00\x00\x00\x00\x00\x00\x00\x00\x00\x00\x00\x00\x00\x00\x00\x00\x00\x00\x00\x00\x00\x00\x00\x00\x00\x00\x00\x00\x80\x00\x00\x00\x00\x00\x00\x00\x00\x00\x00\x00\x00\x00\x00\x00\x00\x00\x00\x00\x00\x00\x00\x00\x00\x00\x00\x00\x00\x00\x00\x00\x00Lc\xe5b\x00\x00\x00\x00\x00\x00\x00\x00\x00\x00\x00\x00\x00\x00\x00\x00\x00\x00\x00\x00\x00\x00\x00\x00\x00\x00\x00\x00" , 132 , #buf ( 32 , bool2Word ( VV0_a_114b9705:Int ==Int VV1_b_114b9705:Int ) ) ) )
                   </localMem>
                   <memoryUsed>
                     ( 0 => 6 )
                   </memoryUsed>
                   <callGas>
                     ( _CALLGAS_CELL => 9079256848778916812 )
                   </callGas>
                   <static>
                     false
                   </static>
                   <callDepth>
                     0
                   </callDepth>
                   ...
                 </callState>
                 <substate>
                   <log>
                     .List
                   </log>
                   <accessedAccounts>
                     ( .Set => SetItem ( 645326474426547203313410069153905908525362434349 ) )
                   </accessedAccounts>
                   <accessedStorage>
                     .Map
                   </accessedStorage>
                   ...
                 </substate>
                 ...
               </evm>
               <network>
                 <accounts>
                   ( ( <account>
                     <acctID>
                       1032069922050249630382865877677304880282300743300
                     </acctID>
                     <balance>
                       0
                     </balance>
                     <storage>
                       .Map
                     </storage>
                     <origStorage>
                       .Map
                     </origStorage>
                     <nonce>
                       1
                     </nonce>
                     ...
                   </account> => <account>
                     <acctID>
                       1032069922050249630382865877677304880282300743300
                     </acctID>
                     <balance>
                       0
                     </balance>
                     <storage>
                       .Map
                     </storage>
                     <origStorage>
                       .Map
                     </origStorage>
                     <nonce>
                       1
                     </nonce>
                     ...
                   </account> )
                   ( ( <account>
                     <acctID>
                       645326474426547203313410069153905908525362434349
                     </acctID>
                     <balance>
                       0
                     </balance>
                     <storage>
                       .Map
                     </storage>
                     <origStorage>
                       .Map
                     </origStorage>
                     <nonce>
                       0
                     </nonce>
                     ...
                   </account> => <account>
                     <acctID>
                       645326474426547203313410069153905908525362434349
                     </acctID>
                     <balance>
                       0
                     </balance>
                     <storage>
                       .Map
                     </storage>
                     <origStorage>
                       .Map
                     </origStorage>
                     <nonce>
                       0
                     </nonce>
                     ...
                   </account> )
                   _ACCOUNTS_INIT ) )
                 </accounts>
                 ...
               </network>
             </ethereum>
             ...
           </kevm>
           <cheatcodes>
             <prank>
               <prevCaller>
                 .Account
               </prevCaller>
               <prevOrigin>
                 .Account
               </prevOrigin>
               <newCaller>
                 .Account
               </newCaller>
               <newOrigin>
                 .Account
               </newOrigin>
               <active>
                 false
               </active>
               <singleCall>
                 false
               </singleCall>
               ...
             </prank>
             <expectedRevert>
               <isRevertExpected>
                 false
               </isRevertExpected>
               ...
             </expectedRevert>
             <expectedOpcode>
               <isOpcodeExpected>
                 false
               </isOpcodeExpected>
               <expectedAddress>
                 .Account
               </expectedAddress>
               <expectedValue>
                 0
               </expectedValue>
               <expectedData>
                 ( .Bytes => b"" )
               </expectedData>
               <opcodeType>
                 .OpcodeType
               </opcodeType>
             </expectedOpcode>
             <expectEmit>
               <recordEvent>
                 false
               </recordEvent>
               <isEventExpected>
                 false
               </isEventExpected>
               ...
             </expectEmit>
             <whitelist>
               <isCallWhitelistActive>
                 false
               </isCallWhitelistActive>
               <isStorageWhitelistActive>
                 false
               </isStorageWhitelistActive>
               <addressSet>
                 .Set
               </addressSet>
               <storageSlotSet>
                 .Set
               </storageSlotSet>
             </whitelist>
           </cheatcodes>
         </foundry>
    
           <kevm>
             <k>
               ( #checkCall 1032069922050249630382865877677304880282300743300 0
               ~> #call 1032069922050249630382865877677304880282300743300 645326474426547203313410069153905908525362434349 645326474426547203313410069153905908525362434349 0 0 b"Lc\xe5b" +Bytes #buf ( 32 , bool2Word ( VV0_a_114b9705:Int ==Int VV1_b_114b9705:Int ) ) false
               ~> #return 128 0
               ~> #pc [ CALL ] => #halt
               ~> #pc [ STOP ] )
               ~> #execute
               ~> _CONTINUATION
             </k>
             <mode>
               NORMAL
             </mode>
             <schedule>
               LONDON
             </schedule>
             <ethereum>
               <evm>
                 <output>
                   ( _OUTPUT_CELL => b"" )
                 </output>
                 <statusCode>
                   ( _STATUSCODE => EVMC_SUCCESS )
                 </statusCode>
                 <callStack>
                   .List
                 </callStack>
                 <interimStates>
                   .List
                 </interimStates>
                 <callState>
                   <id>
                     1032069922050249630382865877677304880282300743300
                   </id>
                   <callData>
                     b"_.p\xfb" +Bytes #buf ( 32 , ( VV0_a_114b9705:Int => VV1_b_114b9705:Int ) ) +Bytes #buf ( 32 , VV1_b_114b9705:Int )
                   </callData>
                   <callValue>
                     0
                   </callValue>
                   <wordStack>
                     ( ( 164 => 1596879099 ) : ( ( 1281615202 : ( 645326474426547203313410069153905908525362434349 : ( VV1_b_114b9705:Int : ( VV0_a_114b9705:Int : ( 182 : ( 1596879099 : .WordStack ) ) ) ) ) ) => .WordStack ) )
                   </wordStack>
                   <localMem>
                     ( #writeRange ( b"\x00\x00\x00\x00\x00\x00\x00\x00\x00\x00\x00\x00\x00\x00\x00\x00\x00\x00\x00\x00\x00\x00\x00\x00\x00\x00\x00\x00\x00\x00\x00\x00\x00\x00\x00\x00\x00\x00\x00\x00\x00\x00\x00\x00\x00\x00\x00\x00\x00\x00\x00\x00\x00\x00\x00\x00\x00\x00\x00\x00\x00\x00\x00\x00\x00\x00\x00\x00\x00\x00\x00\x00\x00\x00\x00\x00\x00\x00\x00\x00\x00\x00\x00\x00\x00\x00\x00\x00\x00\x00\x00\x00\x00\x00\x00\x80\x00\x00\x00\x00\x00\x00\x00\x00\x00\x00\x00\x00\x00\x00\x00\x00\x00\x00\x00\x00\x00\x00\x00\x00\x00\x00\x00\x00\x00\x00\x00\x00Lc\xe5b\x00\x00\x00\x00\x00\x00\x00\x00\x00\x00\x00\x00\x00\x00\x00\x00\x00\x00\x00\x00\x00\x00\x00\x00\x00\x00\x00\x00" , 132 , #buf ( 32 , bool2Word ( VV0_a_114b9705:Int ==Int VV1_b_114b9705:Int ) ) ) => b"\x00\x00\x00\x00\x00\x00\x00\x00\x00\x00\x00\x00\x00\x00\x00\x00\x00\x00\x00\x00\x00\x00\x00\x00\x00\x00\x00\x00\x00\x00\x00\x00\x00\x00\x00\x00\x00\x00\x00\x00\x00\x00\x00\x00\x00\x00\x00\x00\x00\x00\x00\x00\x00\x00\x00\x00\x00\x00\x00\x00\x00\x00\x00\x00\x00\x00\x00\x00\x00\x00\x00\x00\x00\x00\x00\x00\x00\x00\x00\x00\x00\x00\x00\x00\x00\x00\x00\x00\x00\x00\x00\x00\x00\x00\x00\x80\x00\x00\x00\x00\x00\x00\x00\x00\x00\x00\x00\x00\x00\x00\x00\x00\x00\x00\x00\x00\x00\x00\x00\x00\x00\x00\x00\x00\x00\x00\x00\x00Lc\xe5b\x00\x00\x00\x00\x00\x00\x00\x00\x00\x00\x00\x00\x00\x00\x00\x00\x00\x00\x00\x00\x00\x00\x00\x00\x00\x00\x00\x00\x00\x00\x00\x01" )
                   </localMem>
                   <memoryUsed>
                     6
                   </memoryUsed>
                   <callGas>
                     9079256848778916812
                   </callGas>
                   <static>
                     false
                   </static>
                   <callDepth>
                     0
                   </callDepth>
                   ...
                 </callState>
                 <substate>
                   <log>
                     .List
                   </log>
                   <accessedAccounts>
                     SetItem ( 645326474426547203313410069153905908525362434349 )
                   </accessedAccounts>
                   <accessedStorage>
                     .Map
                   </accessedStorage>
                   ...
                 </substate>
                 ...
               </evm>
               <network>
                 <accounts>
                   ( <account>
                     <acctID>
                       1032069922050249630382865877677304880282300743300
                     </acctID>
                     <balance>
                       0
                     </balance>
                     <storage>
                       .Map
                     </storage>
                     <origStorage>
                       .Map
                     </origStorage>
                     <nonce>
                       1
                     </nonce>
                     ...
                   </account>
                   ( <account>
                     <acctID>
                       645326474426547203313410069153905908525362434349
                     </acctID>
                     <balance>
                       0
                     </balance>
                     <storage>
                       .Map
                     </storage>
                     <origStorage>
                       .Map
                     </origStorage>
                     <nonce>
                       0
                     </nonce>
                     ...
                   </account>
                   _ACCOUNTS_INIT ) )
                 </accounts>
                 ...
               </network>
             </ethereum>
             ...
           </kevm>
           <cheatcodes>
             <prank>
               <prevCaller>
                 .Account
               </prevCaller>
               <prevOrigin>
                 .Account
               </prevOrigin>
               <newCaller>
                 .Account
               </newCaller>
               <newOrigin>
                 .Account
               </newOrigin>
               <active>
                 false
               </active>
               <singleCall>
                 false
               </singleCall>
               ...
             </prank>
             <expectedRevert>
               <isRevertExpected>
                 false
               </isRevertExpected>
               ...
             </expectedRevert>
             <expectedOpcode>
               <isOpcodeExpected>
                 false
               </isOpcodeExpected>
               <expectedAddress>
                 .Account
               </expectedAddress>
               <expectedValue>
                 0
               </expectedValue>
               <expectedData>
                 b""
               </expectedData>
               <opcodeType>
                 .OpcodeType
               </opcodeType>
             </expectedOpcode>
             <expectEmit>
               <recordEvent>
                 false
               </recordEvent>
               <isEventExpected>
                 false
               </isEventExpected>
               ...
             </expectEmit>
             <whitelist>
               <isCallWhitelistActive>
                 false
               </isCallWhitelistActive>
               <isStorageWhitelistActive>
                 false
               </isStorageWhitelistActive>
               <addressSet>
                 .Set
               </addressSet>
               <storageSlotSet>
                 .Set
               </storageSlotSet>
             </whitelist>
           </cheatcodes>
         </foundry>
    
           <kevm>
             <k>
               #halt
               ~> ( #pc [ STOP ]
               ~> #execute => .K )
               ~> _CONTINUATION
             </k>
             <mode>
               NORMAL
             </mode>
             <schedule>
               LONDON
             </schedule>
             <ethereum>
               <evm>
                 <output>
                   b""
                 </output>
                 <statusCode>
                   EVMC_SUCCESS
                 </statusCode>
                 <callStack>
                   .List
                 </callStack>
                 <interimStates>
                   .List
                 </interimStates>
                 <callState>
                   <id>
                     1032069922050249630382865877677304880282300743300
                   </id>
                   <callData>
                     b"_.p\xfb" +Bytes #buf ( 32 , VV1_b_114b9705:Int ) +Bytes #buf ( 32 , VV1_b_114b9705:Int )
                   </callData>
                   <callValue>
                     0
                   </callValue>
                   <wordStack>
                     ( 1596879099 : .WordStack )
                   </wordStack>
                   <localMem>
                     b"\x00\x00\x00\x00\x00\x00\x00\x00\x00\x00\x00\x00\x00\x00\x00\x00\x00\x00\x00\x00\x00\x00\x00\x00\x00\x00\x00\x00\x00\x00\x00\x00\x00\x00\x00\x00\x00\x00\x00\x00\x00\x00\x00\x00\x00\x00\x00\x00\x00\x00\x00\x00\x00\x00\x00\x00\x00\x00\x00\x00\x00\x00\x00\x00\x00\x00\x00\x00\x00\x00\x00\x00\x00\x00\x00\x00\x00\x00\x00\x00\x00\x00\x00\x00\x00\x00\x00\x00\x00\x00\x00\x00\x00\x00\x00\x80\x00\x00\x00\x00\x00\x00\x00\x00\x00\x00\x00\x00\x00\x00\x00\x00\x00\x00\x00\x00\x00\x00\x00\x00\x00\x00\x00\x00\x00\x00\x00\x00Lc\xe5b\x00\x00\x00\x00\x00\x00\x00\x00\x00\x00\x00\x00\x00\x00\x00\x00\x00\x00\x00\x00\x00\x00\x00\x00\x00\x00\x00\x00\x00\x00\x00\x01"
                   </localMem>
                   <memoryUsed>
                     6
                   </memoryUsed>
                   <callGas>
                     9079256848778916812
                   </callGas>
                   <static>
                     false
                   </static>
                   <callDepth>
                     0
                   </callDepth>
                   ...
                 </callState>
                 <substate>
                   <log>
                     .List
                   </log>
                   <accessedAccounts>
                     SetItem ( 645326474426547203313410069153905908525362434349 )
                   </accessedAccounts>
                   <accessedStorage>
                     .Map
                   </accessedStorage>
                   ...
                 </substate>
                 ...
               </evm>
               <network>
                 <accounts>
                   ( <account>
                     <acctID>
                       1032069922050249630382865877677304880282300743300
                     </acctID>
                     <balance>
                       0
                     </balance>
                     <storage>
                       .Map
                     </storage>
                     <origStorage>
                       .Map
                     </origStorage>
                     <nonce>
                       1
                     </nonce>
                     ...
                   </account>
                   ( <account>
                     <acctID>
                       645326474426547203313410069153905908525362434349
                     </acctID>
                     <balance>
                       0
                     </balance>
                     <storage>
                       .Map
                     </storage>
                     <origStorage>
                       .Map
                     </origStorage>
                     <nonce>
                       0
                     </nonce>
                     ...
                   </account>
                   _ACCOUNTS_INIT ) )
                 </accounts>
                 ...
               </network>
             </ethereum>
             ...
           </kevm>
           <cheatcodes>
             <prank>
               <prevCaller>
                 .Account
               </prevCaller>
               <prevOrigin>
                 .Account
               </prevOrigin>
               <newCaller>
                 .Account
               </newCaller>
               <newOrigin>
                 .Account
               </newOrigin>
               <active>
                 false
               </active>
               <singleCall>
                 false
               </singleCall>
               ...
             </prank>
             <expectedRevert>
               <isRevertExpected>
                 false
               </isRevertExpected>
               ...
             </expectedRevert>
             <expectedOpcode>
               <isOpcodeExpected>
                 false
               </isOpcodeExpected>
               <expectedAddress>
                 .Account
               </expectedAddress>
               <expectedValue>
                 0
               </expectedValue>
               <expectedData>
                 b""
               </expectedData>
               <opcodeType>
                 .OpcodeType
               </opcodeType>
             </expectedOpcode>
             <expectEmit>
               <recordEvent>
                 false
               </recordEvent>
               <isEventExpected>
                 false
               </isEventExpected>
               ...
             </expectEmit>
             <whitelist>
               <isCallWhitelistActive>
                 false
               </isCallWhitelistActive>
               <isStorageWhitelistActive>
                 false
               </isStorageWhitelistActive>
               <addressSet>
                 .Set
               </addressSet>
               <storageSlotSet>
                 .Set
               </storageSlotSet>
             </whitelist>
           </cheatcodes>
         </foundry>

endmodule

