
┌─ 4 (init, expanded)
│    k: #execute ~> CONTINUATION
│    pc: 0
│    callDepth: 0
│    statusCode: STATUSCODE
│    src: tests/foundry/test/SetUpDeploy.t.sol:18:35
│
│  (435 steps)
├─ 7 (expanded)
│    k: #end EVMC_SUCCESS ~> #pc [ STOP ] ~> #execute ~> CONTINUATION:K
│    pc: 112
│    callDepth: 0
│    statusCode: STATUSCODE:StatusCode
│    src: tests/foundry/lib/forge-std/src/Script.sol:8:9
│
│  (1 step)
├─ 9 (expanded)
│    k: #halt ~> #pc [ STOP ] ~> #execute ~> CONTINUATION:K
│    pc: 112
│    callDepth: 0
│    statusCode: EVMC_SUCCESS
│    src: tests/foundry/lib/forge-std/src/Script.sol:8:9
│
│  (2 steps)
├─ 11 (leaf)
│    k: #halt ~> CONTINUATION:K
│    pc: 112
│    callDepth: 0
│    statusCode: EVMC_SUCCESS
│    src: tests/foundry/lib/forge-std/src/Script.sol:8:9
│
┊  constraint: true
┊  subst: OMITTED SUBST
└─ 3 (target, leaf)
     k: #halt ~> CONTINUATION
     pc: PC_CELL_5d410f2a
     callDepth: CALLDEPTH_CELL_5d410f2a
     statusCode: STATUSCODE_FINAL




module SUMMARY-SETUPDEPLOYTEST-TEST-EXTCODESIZE
    
    
           <kevm>
             <k>
               ( #execute
               ~> CONTINUATION => #end EVMC_SUCCESS
               ~> #pc [ STOP ]
               ~> #execute
               ~> CONTINUATION:K )
             </k>
             <mode>
               NORMAL
             </mode>
             <schedule>
               LONDON
             </schedule>
             <ethereum>
               <evm>
                 <output>
                   ( _OUTPUT_CELL => b"" )
                 </output>
                 <callStack>
                   .List
                 </callStack>
                 <interimStates>
                   .List
                 </interimStates>
                 <callState>
                   <id>
                     728815563385977040452943777879061427756277306518
                   </id>
                   <callData>
                     ( SetUpDeployTest . test_extcodesize ( ) => b"b\xc9\xea\xc5" )
                   </callData>
                   <callValue>
                     0
                   </callValue>
                   <wordStack>
                     ( .WordStack => ( 1657400005 : .WordStack ) )
                   </wordStack>
                   <localMem>
                     ( .Bytes => b"\x00\x00\x00\x00\x00\x00\x00\x00\x00\x00\x00\x00\x00\x00\x00\x00\x00\x00\x00\x00\x00\x00\x00\x00\x00\x00\x00\x00\x00\x00\x00\x00\x00\x00\x00\x00\x00\x00\x00\x00\x00\x00\x00\x00\x00\x00\x00\x00\x00\x00\x00\x00\x00\x00\x00\x00\x00\x00\x00\x00\x00\x00\x00\x00\x00\x00\x00\x00\x00\x00\x00\x00\x00\x00\x00\x00\x00\x00\x00\x00\x00\x00\x00\x00\x00\x00\x00\x00\x00\x00\x00\x00\x00\x00\x00\x80" )
                   </localMem>
                   <memoryUsed>
                     ( 0 => 3 )
                   </memoryUsed>
                   <static>
                     false
                   </static>
                   <callDepth>
                     0
                   </callDepth>
                   ...
                 </callState>
                 <substate>
                   <log>
                     .List
                   </log>
                   <accessedAccounts>
                     ( .Set => SetItem ( 491460923342184218035706888008750043977755113263 ) )
                   </accessedAccounts>
                   <accessedStorage>
                     ( .Map => ( 728815563385977040452943777879061427756277306518 |-> SetItem ( 8 ) ) )
                   </accessedStorage>
                   ...
                 </substate>
                 ...
               </evm>
               <network>
                 <accounts>
                   ( <account>
                     <acctID>
                       645326474426547203313410069153905908525362434349
                     </acctID>
                     <balance>
                       0
                     </balance>
                     <storage>
                       .Map
                     </storage>
                     <origStorage>
                       .Map
                     </origStorage>
                     <nonce>
                       0
                     </nonce>
                     ...
                   </account>
                   ( <account>
                     <acctID>
                       491460923342184218035706888008750043977755113263
                     </acctID>
                     <balance>
                       0
                     </balance>
                     <storage>
                       ( 0 |-> 0 )
                     </storage>
                     <origStorage>
                       .Map
                     </origStorage>
                     <nonce>
                       1
                     </nonce>
                     ...
                   </account>
                   <account>
                     <acctID>
                       728815563385977040452943777879061427756277306518
                     </acctID>
                     <balance>
                       0
                     </balance>
                     <storage>
                       ( 8 |-> 491460923342184218035706888008750043977755113263 )
                     </storage>
                     <origStorage>
                       .Map
                     </origStorage>
                     <nonce>
                       2
                     </nonce>
                     ...
                   </account> ) )
                 </accounts>
                 ...
               </network>
             </ethereum>
             ...
           </kevm>
           <cheatcodes>
             <prank>
               <prevCaller>
                 .Account
               </prevCaller>
               <prevOrigin>
                 .Account
               </prevOrigin>
               <newCaller>
                 .Account
               </newCaller>
               <newOrigin>
                 .Account
               </newOrigin>
               <active>
                 false
               </active>
               <singleCall>
                 false
               </singleCall>
               ...
             </prank>
             <expectedRevert>
               <isRevertExpected>
                 false
               </isRevertExpected>
               ...
             </expectedRevert>
             <expectedOpcode>
               <isOpcodeExpected>
                 false
               </isOpcodeExpected>
               <expectedAddress>
                 .Account
               </expectedAddress>
               <expectedValue>
                 0
               </expectedValue>
               <expectedData>
                 ( .Bytes => b"" )
               </expectedData>
               <opcodeType>
                 .OpcodeType
               </opcodeType>
             </expectedOpcode>
             <expectEmit>
               <recordEvent>
                 false
               </recordEvent>
               <isEventExpected>
                 false
               </isEventExpected>
               ...
             </expectEmit>
             <whitelist>
               <isCallWhitelistActive>
                 false
               </isCallWhitelistActive>
               <isStorageWhitelistActive>
                 false
               </isStorageWhitelistActive>
               <addressSet>
                 .Set
               </addressSet>
               <storageSlotSet>
                 .Set
               </storageSlotSet>
             </whitelist>
           </cheatcodes>
         </foundry>
    
           <kevm>
             <k>
               ( #end EVMC_SUCCESS => #halt )
               ~> #pc [ STOP ]
               ~> #execute
               ~> _CONTINUATION
             </k>
             <mode>
               NORMAL
             </mode>
             <schedule>
               LONDON
             </schedule>
             <ethereum>
               <evm>
                 <output>
                   b""
                 </output>
                 <statusCode>
                   ( _STATUSCODE => EVMC_SUCCESS )
                 </statusCode>
                 <callStack>
                   .List
                 </callStack>
                 <interimStates>
                   .List
                 </interimStates>
                 <callState>
                   <id>
                     728815563385977040452943777879061427756277306518
                   </id>
                   <callData>
                     b"b\xc9\xea\xc5"
                   </callData>
                   <callValue>
                     0
                   </callValue>
                   <wordStack>
                     ( 1657400005 : .WordStack )
                   </wordStack>
                   <localMem>
                     b"\x00\x00\x00\x00\x00\x00\x00\x00\x00\x00\x00\x00\x00\x00\x00\x00\x00\x00\x00\x00\x00\x00\x00\x00\x00\x00\x00\x00\x00\x00\x00\x00\x00\x00\x00\x00\x00\x00\x00\x00\x00\x00\x00\x00\x00\x00\x00\x00\x00\x00\x00\x00\x00\x00\x00\x00\x00\x00\x00\x00\x00\x00\x00\x00\x00\x00\x00\x00\x00\x00\x00\x00\x00\x00\x00\x00\x00\x00\x00\x00\x00\x00\x00\x00\x00\x00\x00\x00\x00\x00\x00\x00\x00\x00\x00\x80"
                   </localMem>
                   <memoryUsed>
                     3
                   </memoryUsed>
                   <static>
                     false
                   </static>
                   <callDepth>
                     0
                   </callDepth>
                   ...
                 </callState>
                 <substate>
                   <log>
                     .List
                   </log>
                   <accessedAccounts>
                     SetItem ( 491460923342184218035706888008750043977755113263 )
                   </accessedAccounts>
                   <accessedStorage>
                     ( 728815563385977040452943777879061427756277306518 |-> SetItem ( 8 ) )
                   </accessedStorage>
                   ...
                 </substate>
                 ...
               </evm>
               <network>
                 <accounts>
                   ( <account>
                     <acctID>
                       645326474426547203313410069153905908525362434349
                     </acctID>
                     <balance>
                       0
                     </balance>
                     <storage>
                       .Map
                     </storage>
                     <origStorage>
                       .Map
                     </origStorage>
                     <nonce>
                       0
                     </nonce>
                     ...
                   </account>
                   ( <account>
                     <acctID>
                       491460923342184218035706888008750043977755113263
                     </acctID>
                     <balance>
                       0
                     </balance>
                     <storage>
                       ( 0 |-> 0 )
                     </storage>
                     <origStorage>
                       .Map
                     </origStorage>
                     <nonce>
                       1
                     </nonce>
                     ...
                   </account>
                   <account>
                     <acctID>
                       728815563385977040452943777879061427756277306518
                     </acctID>
                     <balance>
                       0
                     </balance>
                     <storage>
                       ( 8 |-> 491460923342184218035706888008750043977755113263 )
                     </storage>
                     <origStorage>
                       .Map
                     </origStorage>
                     <nonce>
                       2
                     </nonce>
                     ...
                   </account> ) )
                 </accounts>
                 ...
               </network>
             </ethereum>
             ...
           </kevm>
           <cheatcodes>
             <prank>
               <prevCaller>
                 .Account
               </prevCaller>
               <prevOrigin>
                 .Account
               </prevOrigin>
               <newCaller>
                 .Account
               </newCaller>
               <newOrigin>
                 .Account
               </newOrigin>
               <active>
                 false
               </active>
               <singleCall>
                 false
               </singleCall>
               ...
             </prank>
             <expectedRevert>
               <isRevertExpected>
                 false
               </isRevertExpected>
               ...
             </expectedRevert>
             <expectedOpcode>
               <isOpcodeExpected>
                 false
               </isOpcodeExpected>
               <expectedAddress>
                 .Account
               </expectedAddress>
               <expectedValue>
                 0
               </expectedValue>
               <expectedData>
                 b""
               </expectedData>
               <opcodeType>
                 .OpcodeType
               </opcodeType>
             </expectedOpcode>
             <expectEmit>
               <recordEvent>
                 false
               </recordEvent>
               <isEventExpected>
                 false
               </isEventExpected>
               ...
             </expectEmit>
             <whitelist>
               <isCallWhitelistActive>
                 false
               </isCallWhitelistActive>
               <isStorageWhitelistActive>
                 false
               </isStorageWhitelistActive>
               <addressSet>
                 .Set
               </addressSet>
               <storageSlotSet>
                 .Set
               </storageSlotSet>
             </whitelist>
           </cheatcodes>
         </foundry>
    
           <kevm>
             <k>
               #halt
               ~> ( #pc [ STOP ]
               ~> #execute => .K )
               ~> _CONTINUATION
             </k>
             <mode>
               NORMAL
             </mode>
             <schedule>
               LONDON
             </schedule>
             <ethereum>
               <evm>
                 <output>
                   b""
                 </output>
                 <statusCode>
                   EVMC_SUCCESS
                 </statusCode>
                 <callStack>
                   .List
                 </callStack>
                 <interimStates>
                   .List
                 </interimStates>
                 <callState>
                   <id>
                     728815563385977040452943777879061427756277306518
                   </id>
                   <callData>
                     b"b\xc9\xea\xc5"
                   </callData>
                   <callValue>
                     0
                   </callValue>
                   <wordStack>
                     ( 1657400005 : .WordStack )
                   </wordStack>
                   <localMem>
                     b"\x00\x00\x00\x00\x00\x00\x00\x00\x00\x00\x00\x00\x00\x00\x00\x00\x00\x00\x00\x00\x00\x00\x00\x00\x00\x00\x00\x00\x00\x00\x00\x00\x00\x00\x00\x00\x00\x00\x00\x00\x00\x00\x00\x00\x00\x00\x00\x00\x00\x00\x00\x00\x00\x00\x00\x00\x00\x00\x00\x00\x00\x00\x00\x00\x00\x00\x00\x00\x00\x00\x00\x00\x00\x00\x00\x00\x00\x00\x00\x00\x00\x00\x00\x00\x00\x00\x00\x00\x00\x00\x00\x00\x00\x00\x00\x80"
                   </localMem>
                   <memoryUsed>
                     3
                   </memoryUsed>
                   <static>
                     false
                   </static>
                   <callDepth>
                     0
                   </callDepth>
                   ...
                 </callState>
                 <substate>
                   <log>
                     .List
                   </log>
                   <accessedAccounts>
                     SetItem ( 491460923342184218035706888008750043977755113263 )
                   </accessedAccounts>
                   <accessedStorage>
                     ( 728815563385977040452943777879061427756277306518 |-> SetItem ( 8 ) )
                   </accessedStorage>
                   ...
                 </substate>
                 ...
               </evm>
               <network>
                 <accounts>
                   ( <account>
                     <acctID>
                       645326474426547203313410069153905908525362434349
                     </acctID>
                     <balance>
                       0
                     </balance>
                     <storage>
                       .Map
                     </storage>
                     <origStorage>
                       .Map
                     </origStorage>
                     <nonce>
                       0
                     </nonce>
                     ...
                   </account>
                   ( <account>
                     <acctID>
                       491460923342184218035706888008750043977755113263
                     </acctID>
                     <balance>
                       0
                     </balance>
                     <storage>
                       ( 0 |-> 0 )
                     </storage>
                     <origStorage>
                       .Map
                     </origStorage>
                     <nonce>
                       1
                     </nonce>
                     ...
                   </account>
                   <account>
                     <acctID>
                       728815563385977040452943777879061427756277306518
                     </acctID>
                     <balance>
                       0
                     </balance>
                     <storage>
                       ( 8 |-> 491460923342184218035706888008750043977755113263 )
                     </storage>
                     <origStorage>
                       .Map
                     </origStorage>
                     <nonce>
                       2
                     </nonce>
                     ...
                   </account> ) )
                 </accounts>
                 ...
               </network>
             </ethereum>
             ...
           </kevm>
           <cheatcodes>
             <prank>
               <prevCaller>
                 .Account
               </prevCaller>
               <prevOrigin>
                 .Account
               </prevOrigin>
               <newCaller>
                 .Account
               </newCaller>
               <newOrigin>
                 .Account
               </newOrigin>
               <active>
                 false
               </active>
               <singleCall>
                 false
               </singleCall>
               ...
             </prank>
             <expectedRevert>
               <isRevertExpected>
                 false
               </isRevertExpected>
               ...
             </expectedRevert>
             <expectedOpcode>
               <isOpcodeExpected>
                 false
               </isOpcodeExpected>
               <expectedAddress>
                 .Account
               </expectedAddress>
               <expectedValue>
                 0
               </expectedValue>
               <expectedData>
                 b""
               </expectedData>
               <opcodeType>
                 .OpcodeType
               </opcodeType>
             </expectedOpcode>
             <expectEmit>
               <recordEvent>
                 false
               </recordEvent>
               <isEventExpected>
                 false
               </isEventExpected>
               ...
             </expectEmit>
             <whitelist>
               <isCallWhitelistActive>
                 false
               </isCallWhitelistActive>
               <isStorageWhitelistActive>
                 false
               </isStorageWhitelistActive>
               <addressSet>
                 .Set
               </addressSet>
               <storageSlotSet>
                 .Set
               </storageSlotSet>
             </whitelist>
           </cheatcodes>
         </foundry>

endmodule

0 Failure nodes. (0 frontier and 0 stuck)
