{
  false
#Equals
  VV0_x_114b9705 ==Int 0 ==Bool true ==Bool true
}

