{
  false
#Equals
 ( VV0_x_114b9705 <Int 5 ==Bool true ) andBool ( VV0_x_114b9705 <=Int 10 ==Bool true )
}

