{
  false
#Equals
  VV0_x_114b9705 <Int 20 andBool 10 <=Int VV0_x_114b9705
}
