{
  false
#Equals
  ARGS ==Int 349425370260967382404825659487316543208905021687208810467637789016089102787602515230958 ==Bool true ==Bool true
}

